// Jest Snapshot v1, https://goo.gl/fbAQLP

exports[`Category Component matches the snapshot 1`] = `
<DocumentFragment>
  <div
    class="bg-white flex flex-col pb-[3rem]"
  >
    <div
      class="xl:ml-[20rem] mt-8 bg-[#F2F2F2] flex flex-col px-4 w-[90%] lg:w-[1014px] rounded-xl mx-auto mb-8 pb-8"
    >
      <div
        class="flex items-center justify-between mt-4"
      >
        <h1
          class="font-semibold sm:text-xl text-lg"
        >
          All Category
        </h1>
        <button
          class="px-7 py-2 bg-[#fab702] rounded-[5px] text-white text-[13px] font-semibold hover:text-black hover:opacity-75 active:opacity-60 transition-all duration-500 ease-in-out flex items-center justify-center gap-2"
        >
          <svg
            class="h-[20px] w-[20px]"
            fill="currentColor"
            height="1em"
            stroke="currentColor"
            stroke-width="0"
            viewBox="0 0 24 24"
            width="1em"
            xmlns="http://www.w3.org/2000/svg"
          >
            <path
              d="M0 0h24v24H0V0z"
              fill="none"
            />
            <path
              d="M19 3H5a2 2 0 0 0-2 2v14a2 2 0 0 0 2 2h14c1.1 0 2-.9 2-2V5c0-1.1-.9-2-2-2zm0 16H5V5h14v14zm-8-2h2v-4h4v-2h-4V7h-2v4H7v2h4z"
            />
          </svg>
          Add New
        </button>
      </div>
      <div
        class="flex items-center justify-between mt-4"
      >
        <div />
        <div>
          <label
            class="mr-3"
          >
            Search
          </label>
          <input
            class="border bg-inherit border-black focus:outline-none pl-2 h-[35px] w-[150px] rounded-[4px]"
            placeholder=""
            title="search"
            type="text"
          />
        </div>
      </div>
      <div
        class="mt-8 overflow-x-auto relative"
      >
        <table
          class="min-w-full border-collapse"
        >
          <thead>
            <tr
              class="text-left bg-gray-200 rounded-[6px] text-[#4A5568]"
            >
              <th
                class="lg:px-16 px-8 py-2 whitespace-nowrap"
              >
                Category Name
              </th>
              <th
                class="lg:px-16 px-8 py-2 whitespace-nowrap"
              >
                Category Image
              </th>
              <th
                class="lg:px-16 px-8 py-2 whitespace-nowrap"
              >
                Category Icon
              </th>
            </tr>
          </thead>
          <tbody>
            <tr
              class="even:bg-white odd:bg-[#F2F2F2]"
            >
              <td
                class="lg:px-16 px-8 py-3"
              >
                <h1
                  class="text-md text-[#4A5568]"
                >
                  Chair
                </h1>
              </td>
              <td
                class="lg:px-16 px-8 py-3"
              >
                <div
                  class="w-[80px] h-[80px] flex items-center justify-center rounded-xl"
                >
                  <img
                    alt="img"
                    class="h-[60px] w-[60px] object-contain"
                    src="/chair.webp"
                  />
                </div>
              </td>
              <td
                class="lg:px-24 px-16 py-3 ml-4"
              >
                <svg
                  class="text-[#4A5568] text-4xl"
                  fill="currentColor"
                  height="1em"
                  stroke="currentColor"
                  stroke-width="0"
                  viewBox="0 0 24 24"
                  width="1em"
                  xmlns="http://www.w3.org/2000/svg"
                >
                  <path
                    d="M8 3C5.79086 3 4 4.79086 4 7V9.12602C2.27477 9.57006 1 11.1362 1 13C1 14.4817 1.8052 15.7734 3 16.4646V19V21H5V20H19V21H21V19V16.4646C22.1948 15.7734 23 14.4817 23 13C23 11.1362 21.7252 9.57006 20 9.12602V7C20 4.79086 18.2091 3 16 3H8ZM18 9.12602C16.2748 9.57006 15 11.1362 15 13H9C9 11.1362 7.72523 9.57006 6 9.12602V7C6 5.89543 6.89543 5 8 5H16C17.1046 5 18 5.89543 18 7V9.12602ZM9 15H15V16H17V13C17 11.8954 17.8954 11 19 11C20.1046 11 21 11.8954 21 13C21 13.8693 20.4449 14.6114 19.6668 14.8865C19.2672 15.0277 19 15.4055 19 15.8293V18H5V15.8293C5 15.4055 4.73284 15.0277 4.33325 14.8865C3.5551 14.6114 3 13.8693 3 13C3 11.8954 3.89543 11 5 11C6.10457 11 7 11.8954 7 13V16H9V15Z"
                  />
                </svg>
              </td>
            </tr>
            <tr
              class="even:bg-white odd:bg-[#F2F2F2]"
            >
              <td
                class="lg:px-16 px-8 py-3"
              >
                <h1
                  class="text-md text-[#4A5568]"
                >
                  Bed
                </h1>
              </td>
              <td
                class="lg:px-16 px-8 py-3"
              >
                <div
                  class="w-[80px] h-[80px] flex items-center justify-center rounded-xl"
                >
                  <img
                    alt="img"
                    class="h-[60px] w-[60px] object-contain"
                    src="/bed.png"
                  />
                </div>
              </td>
              <td
                class="lg:px-24 px-16 py-3 ml-4"
              >
                <svg
                  class="text-[#4A5568] text-4xl"
                  fill="currentColor"
                  height="1em"
                  stroke="currentColor"
                  stroke-width="0"
                  viewBox="0 0 512 512"
                  width="1em"
                  xmlns="http://www.w3.org/2000/svg"
                >
                  <path
                    d="M384 240H96V136a40.12 40.12 0 0 1 40-40h240a40.12 40.12 0 0 1 40 40v104zM48 416V304a64.19 64.19 0 0 1 64-64h288a64.19 64.19 0 0 1 64 64v112"
                    fill="none"
                    stroke-linecap="round"
                    stroke-linejoin="round"
                    stroke-width="32"
                  />
                  <path
                    d="M48 416v-8a24.07 24.07 0 0 1 24-24h368a24.07 24.07 0 0 1 24 24v8M112 240v-16a32.09 32.09 0 0 1 32-32h80a32.09 32.09 0 0 1 32 32v16m0 0v-16a32.09 32.09 0 0 1 32-32h80a32.09 32.09 0 0 1 32 32v16"
                    fill="none"
                    stroke-linecap="round"
                    stroke-linejoin="round"
                    stroke-width="32"
                  />
                </svg>
              </td>
            </tr>
            <tr
              class="even:bg-white odd:bg-[#F2F2F2]"
            >
              <td
                class="lg:px-16 px-8 py-3"
              >
                <h1
                  class="text-md text-[#4A5568]"
                >
                  Cabinet
                </h1>
              </td>
              <td
                class="lg:px-16 px-8 py-3"
              >
                <div
                  class="w-[80px] h-[80px] flex items-center justify-center rounded-xl"
                >
                  <img
                    alt="img"
                    class="h-[60px] w-[60px] object-contain"
                    src="/cabinet.jpg"
                  />
                </div>
              </td>
              <td
                class="lg:px-24 px-16 py-3 ml-4"
              >
                <svg
                  class="text-[#4A5568] text-4xl"
                  fill="currentColor"
                  height="1em"
                  stroke="currentColor"
                  stroke-width="0"
                  viewBox="0 0 24 24"
                  width="1em"
                  xmlns="http://www.w3.org/2000/svg"
                >
                  <path
                    d="M21 4c0-1.103-.897-2-2-2H5c-1.103 0-2 .897-2 2v16c0 1.103.897 2 2 2h14c1.103 0 2-.897 2-2V4zM5 4h14v7H5V4zm0 16v-7h14.001v7H5z"
                  />
                  <path
                    d="M14 7h-4V6H8v3h8V6h-2zm0 8v1h-4v-1H8v3h8v-3z"
                  />
                </svg>
              </td>
            </tr>
            <tr
              class="even:bg-white odd:bg-[#F2F2F2]"
            >
              <td
                class="lg:px-16 px-8 py-3"
              >
                <h1
                  class="text-md text-[#4A5568]"
                >
                  Desk
                </h1>
              </td>
              <td
                class="lg:px-16 px-8 py-3"
              >
                <div
                  class="w-[80px] h-[80px] flex items-center justify-center rounded-xl"
                >
                  <img
                    alt="img"
                    class="h-[60px] w-[60px] object-contain"
                    src="/img5.jpg"
                  />
                </div>
              </td>
              <td
                class="lg:px-24 px-16 py-3 ml-4"
              >
                <svg
                  class="text-[#4A5568] text-4xl"
                  fill="currentColor"
                  height="1em"
                  stroke="currentColor"
                  stroke-width="0"
                  viewBox="0 0 256 256"
                  width="1em"
                  xmlns="http://www.w3.org/2000/svg"
                >
                  <path
                    d="M244,60H12a12,12,0,0,0,0,24h4V192a12,12,0,0,0,24,0V156H216v36a12,12,0,0,0,24,0V84h4a12,12,0,0,0,0-24ZM40,84h76v48H40Zm176,48H140V84h76ZM100,108a12,12,0,0,1-12,12H68a12,12,0,0,1,0-24H88A12,12,0,0,1,100,108Zm56,0a12,12,0,0,1,12-12h20a12,12,0,0,1,0,24H168A12,12,0,0,1,156,108Z"
                  />
                </svg>
              </td>
            </tr>
            <tr
              class="even:bg-white odd:bg-[#F2F2F2]"
            >
              <td
                class="lg:px-16 px-8 py-3"
              >
                <h1
                  class="text-md text-[#4A5568]"
                >
                  Sofa
                </h1>
              </td>
              <td
                class="lg:px-16 px-8 py-3"
              >
                <div
                  class="w-[80px] h-[80px] flex items-center justify-center rounded-xl"
                >
                  <img
                    alt="img"
                    class="h-[60px] w-[60px] object-contain"
                    src="/img1.jpg"
                  />
                </div>
              </td>
              <td
                class="lg:px-24 px-16 py-3 ml-4"
              >
                <svg
                  class="text-[#4A5568] text-4xl"
                  fill="currentColor"
                  height="1em"
                  stroke="currentColor"
                  stroke-width="0"
                  viewBox="0 0 24 24"
                  width="1em"
                  xmlns="http://www.w3.org/2000/svg"
                >
                  <path
                    d="M15 3H9C6.02024 3 3.54782 5.17213 3.07974 8.01937C3.21811 8.00655 3.35829 8 3.5 8C5.98528 8 8 10.0147 8 12.5V14H16V12.5C16 10.0147 18.0147 8 20.5 8C20.6417 8 20.7819 8.00655 20.9203 8.01937C20.4522 5.17213 17.9798 3 15 3ZM21 10.05C20.8384 10.0172 20.6712 10 20.5 10C19.1193 10 18 11.1193 18 12.5V17H16V16H8V17H6V12.5C6 11.1193 4.88071 10 3.5 10C3.32877 10 3.16156 10.0172 3 10.05C1.85888 10.2816 1 11.2905 1 12.5C1 13.0886 1.18173 13.5388 1.39024 14.0554C1.67083 14.7505 1.9999 15.5658 1.99978 17V20C1.99978 20.5523 2.44749 21 2.99978 21H12H21.0002C21.5525 21 22.0002 20.5523 22.0002 20V17C22.0001 15.5658 22.3292 14.7505 22.6098 14.0554C22.8183 13.5388 23 13.0886 23 12.5C23 11.2905 22.1411 10.2816 21 10.05Z"
                  />
                </svg>
              </td>
            </tr>
            <tr
              class="even:bg-white odd:bg-[#F2F2F2]"
            >
              <td
                class="lg:px-16 px-8 py-3"
              >
                <h1
                  class="text-md text-[#4A5568]"
                >
                  Misc
                </h1>
              </td>
              <td
                class="lg:px-16 px-8 py-3"
              >
                <div
                  class="w-[80px] h-[80px] flex items-center justify-center rounded-xl"
                >
                  <img
                    alt="img"
                    class="h-[60px] w-[60px] object-contain"
                    src="/misc.png"
                  />
                </div>
              </td>
              <td
                class="lg:px-24 px-16 py-3 ml-4"
              >
                <svg
                  class="text-[#4A5568] text-4xl"
                  fill="currentColor"
                  height="1em"
                  stroke="currentColor"
                  stroke-width="0"
                  viewBox="0 0 24 24"
                  width="1em"
                  xmlns="http://www.w3.org/2000/svg"
                >
                  <path
                    d="M0 0h24v24H0z"
                    fill="none"
                  />
                  <path
                    d="m14.17 13.71 1.4-2.42c.09-.15.05-.34-.08-.45l-1.48-1.16c.03-.22.05-.45.05-.68s-.02-.46-.05-.69l1.48-1.16c.13-.11.17-.3.08-.45l-1.4-2.42c-.09-.15-.27-.21-.43-.15l-1.74.7c-.36-.28-.75-.51-1.18-.69l-.26-1.85a.364.364 0 0 0-.35-.29h-2.8c-.17 0-.32.13-.35.3L6.8 4.15c-.42.18-.82.41-1.18.69l-1.74-.7c-.16-.06-.34 0-.43.15l-1.4 2.42c-.09.15-.05.34.08.45l1.48 1.16c-.03.22-.05.45-.05.68s.02.46.05.69l-1.48 1.16c-.13.11-.17.3-.08.45l1.4 2.42c.09.15.27.21.43.15l1.74-.7c.36.28.75.51 1.18.69l.26 1.85c.03.16.18.29.35.29h2.8c.17 0 .32-.13.35-.3l.26-1.85c.42-.18.82-.41 1.18-.69l1.74.7c.16.06.34 0 .43-.15zM8.81 11c-1.1 0-2-.9-2-2s.9-2 2-2 2 .9 2 2-.9 2-2 2zM21.92 18.67l-.96-.74c.02-.14.04-.29.04-.44 0-.15-.01-.3-.04-.44l.95-.74c.08-.07.11-.19.05-.29l-.9-1.55c-.05-.1-.17-.13-.28-.1l-1.11.45c-.23-.18-.48-.33-.76-.44l-.17-1.18a.216.216 0 0 0-.21-.2h-1.79c-.11 0-.21.08-.22.19l-.17 1.18c-.27.12-.53.26-.76.44l-1.11-.45a.23.23 0 0 0-.28.1l-.9 1.55c-.05.1-.04.22.05.29l.95.74a3.145 3.145 0 0 0 0 .88l-.95.74c-.08.07-.11.19-.05.29l.9 1.55c.05.1.17.13.28.1l1.11-.45c.23.18.48.33.76.44l.17 1.18c.02.11.11.19.22.19h1.79c.11 0 .21-.08.22-.19l.17-1.18c.27-.12.53-.26.75-.44l1.12.45c.1.04.22 0 .28-.1l.9-1.55c.06-.09.03-.21-.05-.28zm-4.29.16a1.35 1.35 0 1 1 .001-2.701 1.35 1.35 0 0 1-.001 2.701z"
                  />
                </svg>
              </td>
            </tr>
          </tbody>
        </table>
      </div>
    </div>
  </div>
</DocumentFragment>
`;
